// Jest Snapshot v1, https://goo.gl/fbAQLP

exports[`Skills should render correctly 1`] = `
<div>
  <ul>
    <li>
      HTML
    </li>
    <li>
      CSS
    </li>
    <li>
      JS
    </li>
  </ul>
  <button>
    Login
  </button>
</div>
`;
