// Jest Snapshot v1, https://goo.gl/fbAQLP

exports[`Application should render correctly 1`] = `
<div>
  <h1>
    Job application form
  </h1>
  <h2>
    Section 1
  </h2>
  <p>
    All fields are mandatory
  </p>
  <span
    title="close"
  >
    X
  </span>
  <img
    alt="a person with a laptop"
    src="https://via.placeholder.com/150"
  />
  <div
    data-testid="custom-element"
  >
    Custom HTML element
  </div>
  <form>
    <div>
      <label
        for="name"
      >
        Name
      </label>
      <input
        id="name"
        placeholder="Fullname"
        type="text"
        value="Vishwas"
      />
    </div>
    <div>
      <label
        for="bio"
      >
        Bio
      </label>
      <textarea
        id="bio"
      />
    </div>
    <div>
      <label
        for="job-location"
      >
        Job location
      </label>
      <select
        id="job-location"
      >
        <option
          value=""
        >
          Select a country
        </option>
        <option
          value="US"
        >
          United States
        </option>
        <option
          value="GB"
        >
          United Kingdom
        </option>
        <option
          value="CA"
        >
          Canada
        </option>
        <option
          value="IN"
        >
          India
        </option>
        <option
          value="AU"
        >
          Australia
        </option>
      </select>
    </div>
    <div>
      <label>
        <input
          id="terms"
          type="checkbox"
        />
         I agree to the terms and conditions
      </label>
    </div>
    <button
      disabled=""
    >
      Submit
    </button>
  </form>
</div>
`;
